// Vitest Snapshot v1, https://vitest.dev/guide/snapshot.html

exports[`e2e:mark-util-character > should expose public api 1`] = `
[
  "asciiControl",
  "checker",
  "eos",
  "htab",
  "is",
  "isCode",
  "lineEndingOrWhitespace",
  "eol",
  "lineEnding",
  "space",
  "streamBreak",
  "vtab",
  "whitespace",
]
`;
